
> serverforge@0.1.0 build
> next build

Γû▓ Next.js 16.1.6 (Turbopack)
- Environments: .env

node.exe : ΓÜá The "middleware" file convention 
is deprecated. Please use "proxy" instead. Learn 
more: https://nextjs.org/docs/messages/middleware-
to-proxy
At line:1 char:1
+ & "C:\Program Files\nodejs/node.exe" 
"C:\Users\Acer\AppData\Roaming\n ...
+ ~~~~~~~~~~~~~~~~~~~~~~~~~~~~~~~~~~~~~~~~~~~~~~~~
~~~~~~~~~~~~~~~~~~~~~
    + CategoryInfo          : NotSpecified: (ΓÜá  
   The "middle...leware-to-proxy:String) [], Rem  
  oteException
    + FullyQualifiedErrorId : NativeCommandError
 
  Creating an optimized production build ...
Γ£ô Compiled successfully in 11.2s
  Running TypeScript ...
Failed to compile.

./src/app/api/auth/register/route.ts:50:55
Type error: Property 'errors' does not exist on 
type 'ZodError<unknown>'.

[0m [90m 48 |[39m     } [36mcatch[39m 
(error) {
 [90m 49 |[39m         [36mif[39m (error 
[36minstanceof[39m 
z[33m.[39m[33mZodError[39m) {
[31m[1m>[22m[39m[90m 50 |[39m             
[36mreturn[39m 
[33mNextResponse[39m[33m.[39mjson({ 
message[33m:[39m error[33m.[39merrors[[35m0[
39m][33m.[39mmessage }[33m,[39m { 
status[33m:[39m [35m400[39m })[33m;[39m
 [90m    |[39m                                  
                     [31m[1m^[22m[39m
 [90m 51 |[39m         }
 [90m 52 |[39m         
console[33m.[39merror([32m"Registration 
error:"[39m[33m,[39m error)[33m;[39m
 [90m 53 |[39m         [36mreturn[39m 
[33mNextResponse[39m[33m.[39mjson({ 
message[33m:[39m [32m"Internal server 
error"[39m }[33m,[39m { status[33m:[39m 
[35m500[39m })[33m;[39m[0m
Next.js build worker exited with code: 1 and 
signal: null
