﻿[dotenv@17.2.1] injecting env (16) from .env -- tip: ΓÜÖ∩╕Å  load multiple .env files with { path: ['.env.local', '.env'] }
[dotenv@17.2.1] injecting env (0) from .env.local -- tip: ≡ƒôí auto-backup env with Radar: https://dotenvx.com/radar
Minting test token...
Fetching Presigned URL from Next.js Auth API...
API Response: {
  success: true,
  uploadUrl: 'https://serverforge-assets.s3.ap-southeast-2.amazonaws.com/uploads/65f1a3b2c4d5e6f7a8b9c0d1/fbf2b97d79980bd2d9b6096bad70a4d9.jpg?X-Amz-Algorithm=AWS4-HMAC-SHA256&X-Amz-Content-Sha256=UNSIGNED-PAYLOAD&X-Amz-Credential=AKIAUXCR4RL7XQIHSS5O%2F20260312%2Fap-southeast-2%2Fs3%2Faws4_request&X-Amz-Date=20260312T092137Z&X-Amz-Expires=60&X-Amz-Signature=653cb126390310015c067410c3a72da2f09a4c3f73af9fd62a8640f03d697bd9&X-Amz-SignedHeaders=host&x-amz-checksum-crc32=AAAAAA%3D%3D&x-amz-sdk-checksum-algorithm=CRC32&x-id=PutObject',
  publicUrl: 'https://serverforge-assets.s3.ap-southeast-2.amazonaws.com/uploads/65f1a3b2c4d5e6f7a8b9c0d1/fbf2b97d79980bd2d9b6096bad70a4d9.jpg'
}
Uploading dummy image to S3...
node : Error: S3 Upload Failed: 403 <?xml version="1.0" encoding="UTF-8"?>
At line:1 char:1
+ node test_s3.js > test_output.txt 2>&1
+ ~~~~~~~~~~~~~~~~~~~~~~~~~~~~~~~~~~~~~~
    + CategoryInfo          : NotSpecified: (Error: S3 Uploa...oding="UTF-8" 
   ?>:String) [], RemoteException
    + FullyQualifiedErrorId : NativeCommandError
 
<Error><Code>InvalidAccessKeyId</Code><Message>The AWS Access Key Id you 
provided does not exist in our records.</Message><AWSAccessKeyId>AKIAUXCR4RL7
XQIHSS5O</AWSAccessKeyId><RequestId>AN8ZD70H5Q81KPE2</RequestId><HostId>FVdai
pC9EUQYV1kdY0/oB9uXwrnVuNgCODMfxNfz2HVP21BJbDpQTPQOmHOSVg9B/tdoGtlwrCsvavdTtc
A4GLcEOEgX8EU9</HostId></Error>
    at test (D:\Discord bot\SvrForgeV3\test_s3.js:36:19)
    at process.processTicksAndRejections 
(node:internal/process/task_queues:103:5)
